[www.feedingamerica.org/our-work/reduce-food-waste.html]
[www.feedingamerica.org/our-work/e,r.href]
[backblue.gif]
[fade.gif]
[index.html]
[cdn.optimizely.com/js/20470197590.js]
[d3rse9xjbp8270.cloudfront.net/at.js]
[cdn.jsdelivr.net/npm/js-cookie@2.2.1/src/js.cookie.js]
[www.feedingamerica.org/sites/default/files/css/css_uqxnRNszytC4E0T8WHGJ-WAx6XvlXMwOJdeqoP4dKpA.css]
[www.feedingamerica.org/sites/default/files/css/css_X0qd-d4y2Mm0HtyHOG9AyqxdYVgbir6H_g4v6LFoAPA.css]
[use.fontawesome.com/releases/v6.1.0/js/fontawesome.js]
[use.fontawesome.com/releases/v6.1.0/js/solid.js]
[www.feedingamerica.org/themes/custom/ts_feeding_america/apple-touch-icon.png]
[www.feedingamerica.org/themes/custom/ts_feeding_america/favicon-32x32.png]
[www.feedingamerica.org/themes/custom/ts_feeding_america/favicon-16x16.png]
[cse.google.com/f9f72.txt]
[www.feedingamerica.org/our-work/food-bank-network.html]
[www.feedingamerica.org/assets/images/page-images/mealconnect_logo_500x56.png]
[www.feedingamerica.org/assets/images/peachesontree_290x190.jpg]
[www.feedingamerica.org/our-work/hunger-relief-programs.html]
[www.feedingamerica.org/our-work/nutrition-health.html]
[www.feedingamerica.org/themes/custom/ts_feeding_america/images/charity_navigator.jpg]
[www.feedingamerica.org/themes/custom/ts_feeding_america/images/bbb-2022-sm.png]
[www.feedingamerica.org/our-work/equity-impact-fund.html]
[www.feedingamerica.org/themes/custom/ts_feeding_america/images/int-btn-open.png]
[www.feedingamerica.org/themes/custom/ts_feeding_america/images/int-btn-close.png]
[www.feedingamerica.org/sites/default/files/2021-08/2018-HurricaneMichael-8545-WEB.jpg]
[www.feedingamerica.org/modules/contrib/eu_cookie_compliance/js/eu_cookie_compliance.min1b95.js]
[www.feedingamerica.org/sites/default/files/js/js_iMTsQCmYEG_zyvNdZb2GU5TzISGprce23pJLNDI9eHw.js]
[www.feedingamerica.org/sites/default/files/js/js_Ph2IUYgWBAZLvFfQhjzItH-Ke9T3kMElj9tjB5NHJuw.js]
[www.feedingamerica.org/our-work/reduce-food-waste.html]
[www.feedingamerica.org/our-work/e,r.html]
[www.googletagmanager.com/gtm5445.html]
[nvlupin.blob.core.windows.net/images/van/FAM/FAM/1/87084/images/themes/theme-scripts-querystrings.js]
[www.feedingamerica.org/core/themes/stable/images/core/throbber-active.gif]
[www.feedingamerica.org/core/themes/stable/images/core/loading-small.gif]
[www.feedingamerica.org/core/themes/stable/images/core/throbber-inactive.png]
[www.feedingamerica.org/core/themes/stable/images/core/tree.png]
[www.feedingamerica.org/core/themes/stable/images/core/tree-bottom.png]
[www.feedingamerica.org/modules/contrib/eu_cookie_compliance/images/gradient.png]
[www.feedingamerica.org/modules/contrib/eu_cookie_compliance/images/close.png]
[www.feedingamerica.org/modules/contrib/jquery_ui/assets/vendor/jquery.ui/themes/base/images/ui-icons_444444_256x240.png]
[www.feedingamerica.org/modules/contrib/jquery_ui/assets/vendor/jquery.ui/themes/base/images/ui-icons_555555_256x240.png]
[www.feedingamerica.org/modules/contrib/jquery_ui/assets/vendor/jquery.ui/themes/base/images/ui-icons_ffffff_256x240.png]
[www.feedingamerica.org/modules/contrib/jquery_ui/assets/vendor/jquery.ui/themes/base/images/ui-icons_777620_256x240.png]
[www.feedingamerica.org/modules/contrib/jquery_ui/assets/vendor/jquery.ui/themes/base/images/ui-icons_cc0000_256x240.png]
[www.feedingamerica.org/modules/contrib/jquery_ui/assets/vendor/jquery.ui/themes/base/images/ui-icons_777777_256x240.png]
[www.feedingamerica.org/sites/default/files/css/css_uqxnRNszytC4E0T8WHGJ-WAx6XvlXMwOJdeqoP4dKpA.css]
[www.feedingamerica.org/core/misc/menu-expanded.png]
[www.feedingamerica.org/core/misc/help.png]
[www.feedingamerica.org/core/misc/menu-collapsed.png]
[www.feedingamerica.org/core/misc/menu-collapsed-rtl.png]
[www.feedingamerica.org/themes/custom/ts_feeding_america/images/dropdown.png]
[www.feedingamerica.org/themes/custom/ts_feeding_america/images/loading.gif]
[www.feedingamerica.org/themes/custom/ts_feeding_america/images/loader-orange-bg-2.gif]
[www.feedingamerica.org/themes/custom/ts_feeding_america/images/sprite1.png]
[www.feedingamerica.org/themes/custom/ts_feeding_america/images/bannerstalks_large_optim.png]
[www.feedingamerica.org/themes/custom/ts_feeding_america/images/bannerstalks_small_optim.png]
[www.feedingamerica.org/themes/custom/ts_feeding_america/images/transparent_gray.png]
[www.feedingamerica.org/themes/custom/ts_feeding_america/images/search-btn.png]
[www.feedingamerica.org/themes/custom/ts_feeding_america/images/search-btn-hover.png]
[www.feedingamerica.org/themes/custom/ts_feeding_america/images/background-images/foodbank/oranges_foodbank_sm.jpg]
[www.feedingamerica.org/themes/custom/ts_feeding_america/images/background-images/foodbank/oranges_foodbank_med.jpg]
[www.feedingamerica.org/themes/custom/ts_feeding_america/images/background-images/foodbank/oranges_foodbank_lg.jpg]
[www.feedingamerica.org/themes/custom/ts_feeding_america/images/background-images/foodbank/oranges_foodbank.jpg]
[www.feedingamerica.org/themes/custom/ts_feeding_america/images/sprites.png]
[www.feedingamerica.org/themes/custom/ts_feeding_america/images/background-images/repeating/cranberries3_repeating.jpg]
[www.feedingamerica.org/themes/custom/ts_feeding_america/images/page-images/wheatbg.png]
[www.feedingamerica.org/themes/custom/ts_feeding_america/images/icons/wheatstalk.png]
[www.feedingamerica.org/themes/custom/ts_feeding_america/images/background-images/wheatbg.png]
[www.feedingamerica.org/themes/custom/ts_feeding_america/images/icons/play.png]
[www.feedingamerica.org/themes/custom/ts_feeding_america/images/icons/become-an-advocate-sprite.png]
[www.feedingamerica.org/themes/custom/ts_feeding_america/images/background-images/banner-section-landing-page/map_clear.png]
[www.feedingamerica.org/themes/custom/ts_feeding_america/images/inline-promo-bg-1.png]
[www.feedingamerica.org/themes/custom/ts_feeding_america/images/inline-promo-bg-2.png]
[www.feedingamerica.org/themes/custom/ts_feeding_america/images/broccoli.jpg]
[www.feedingamerica.org/themes/custom/ts_feeding_america/images/transparent_gray70.png]
[www.feedingamerica.org/themes/custom/ts_feeding_america/images/header_social_sprite.png]
[www.feedingamerica.org/themes/custom/ts_feeding_america/images/icons/icon-rss.png]
[www.feedingamerica.org/themes/custom/ts_feeding_america/images/header_social_sprite2.png]
[www.feedingamerica.org/themes/custom/ts_feeding_america/images/stalks2.png]
[www.feedingamerica.org/themes/custom/ts_feeding_america/images/manystalks_optim.png]
[www.feedingamerica.org/sites/default/files/css/css_X0qd-d4y2Mm0HtyHOG9AyqxdYVgbir6H_g4v6LFoAPA.css]
[www.feedingamerica.org/sites/default/files/css/css_EApKi02CUupRnvtnSktDb3h1fRtbjh8e4iJgtY1lTnQ.css]
[www.feedingamerica.org/assets/images/icons/icon1distributefoodc373.png]
[www.feedingamerica.org/assets/images/icons/icon3shippingstoragec373.png]
[www.feedingamerica.org/assets/images/icons/icon2securefoodpngc373.png]
[www.feedingamerica.org/assets/images/icons/icon4supporting-onc373.png]
[www.feedingamerica.org/assets/images/icons/ampersand.png]
[www.feedingamerica.org/assets/images/page-images/wheatbg.png]
[www.feedingamerica.org/sites/default/files/js/js_pWPRcRdwMCWX58fFRciqVdPvNpvAzF-n4UWCU_Kj9rI.js]
[www.feedingamerica.org/sites/default/files/js/js__GBZcZqDFecILLxq3b__mW-gxXbOxKdcPBJp9Kg_NlM.js]
[www.feedingamerica.org/our-work/food-bank-network.html]
[www.feedingamerica.org/our-work/hunger-relief-programs/mobile-food-pantry-program.html]
[www.feedingamerica.org/our-work/hunger-relief-programs/drive-thru-pantry.html]
[www.feedingamerica.org/our-work/hunger-relief-programs/senior-programs.html]
[www.feedingamerica.org/our-work/hunger-relief-programs/snap.html]
[www.feedingamerica.org/our-work/hunger-relief-programs/school-pantry.html]
[www.feedingamerica.org/our-work/hunger-relief-programs.html]
[www.feedingamerica.org/our-work/hunger-relief-programs/kids-cafe.html]
[www.feedingamerica.org/sites/default/files/css/css_qc3XSbPYgplFw74tJjwPIwlJCr5xO1_VVfqAjNFfZoM.css]
[www.feedingamerica.org/sites/default/files/css/css_49yIvRWYjtRqP1Ydi_T_l975ZMEDS9MeqCTktdFErL4.css]
[www.feedingamerica.org/sites/default/files/styles/thumbnail/public/2023-08/become-an-advocate9995.png]
[www.feedingamerica.org/sites/default/files/styles/thumbnail/public/2023-08/list-custom-orangebf4b.png]
[www.feedingamerica.org/sites/default/files/styles/400x200/public/2023-08/hn-advocacy16f3.png]
[www.feedingamerica.org/sites/default/files/styles/400x200/public/2023-08/hn-research2f9e.png]
[www.feedingamerica.org/sites/default/files/styles/400x200/public/2023-08/hn-food-pharmacydd57.png]
[www.feedingamerica.org/our-work/nutrition-health.html]
[www.feedingamerica.org/sites/default/files/css/css_xFLzXWuC3uDRPWL3yLcHHGZy6QRYXTxR6FoGuEqHnlk.css]
[www.feedingamerica.org/sites/default/files/css/css_Ivk-ZTJ1Tzi-8ZeqBL0-jcij63LaIL4yHYdloP-CzoM.css]
[live-feeding-america.pantheonsite.io/sites/default/files/styles/max_650x650/public/2023-01/FSEIF Hero image7be6.jpg]
[www.feedingamerica.org/sites/default/files/styles/max_650x650/public/2022-12/Chenier-Farm-Feeding-America-221 (1)c84d.jpg]
[www.feedingamerica.org/sites/default/files/styles/max_325x325/public/2022-11/20221104-FANObhm-0380fc2a.jpg]
[www.feedingamerica.org/sites/default/files/styles/max_325x325/public/2022-11/20221011-FANOIan-1568 (1)0c00.jpg]
[www.feedingamerica.org/our-work/equity-impact-fund/map.html]
[www.feedingamerica.org/our-work/_https_/www.youtube.com/embed/WitEBCXlFlUdf7b]
[www.feedingamerica.org/sites/default/files/styles/max_650x650/public/video_thumbnails/WitEBCXlFlUf71a.jpg]
[www.feedingamerica.org/sites/default/files/styles/max_650x650/public/2023-01/DWJ_FEEDING_AMERICA-3903 (1)22f0.jpg]
[www.feedingamerica.org/sites/default/files/styles/max_650x650/public/2022-12/Mya1d10.jpg]
[www.feedingamerica.org/themes/custom/ts_feeding_america/images/campaigns/wheatstalk.png]
[www.feedingamerica.org/sites/default/files/js/js_5d8DP3lS87aI_Rjh-ZzfWdMz1FShZieLupX7aSQyhiU.js]
[www.feedingamerica.org/our-work/equity-impact-fund.html]
[www.feedingamerica.org/sites/default/files/js/js_iMTsQCmYEG_zyvNdZb2GU5TzISGprce23pJLNDI9eHw.js]
[www.feedingamerica.org/modules/contrib/eu_cookie_compliance/js/eu_cookie_compliance.min1b95.js]
[www.feedingamerica.org/sites/default/files/js/js_Ph2IUYgWBAZLvFfQhjzItH-Ke9T3kMElj9tjB5NHJuw.js]
[www.feedingamerica.org/themes/custom/ts_feeding_america/images/bannerstalks_large_optim.html]
[www.feedingamerica.org/themes/custom/ts_feeding_america/images/bannerstalks_small_optim.html]
[www.feedingamerica.org/themes/custom/ts_feeding_america/images/inline-promo-bg-1.html]
[www.feedingamerica.org/themes/custom/ts_feeding_america/images/inline-promo-bg-2.html]
[www.feedingamerica.org/themes/custom/ts_feeding_america/images/transparent_gray70.html]
[www.feedingamerica.org/themes/custom/ts_feeding_america/images/icons/icon-rss.html]
[www.feedingamerica.org/themes/custom/ts_feeding_america/images/fancybox_sprite.png]
[www.feedingamerica.org/themes/custom/ts_feeding_america/images/fancybox_loading.gif]
[www.feedingamerica.org/themes/custom/ts_feeding_america/images/blank.gif]
[www.feedingamerica.org/themes/custom/ts_feeding_america/images/background-images/fancybox_overlay.png]
[www.feedingamerica.org/themes/custom/ts_feeding_america/images/fancybox_sprite-2x.png]
[www.feedingamerica.org/themes/custom/ts_feeding_america/images/fancybox_loading-2x.gif]
[www.feedingamerica.org/sites/default/files/css/css_EApKi02CUupRnvtnSktDb3h1fRtbjh8e4iJgtY1lTnQ.css]
[www.feedingamerica.org/sites/default/files/js/js_pWPRcRdwMCWX58fFRciqVdPvNpvAzF-n4UWCU_Kj9rI.js]
[www.feedingamerica.org/sites/default/files/js/js__GBZcZqDFecILLxq3b__mW-gxXbOxKdcPBJp9Kg_NlM.js]
[www.feedingamerica.org/our-work/hunger-relief-programs/e,r.href]
[www.feedingamerica.org/sites/default/files/css/css_a6KPQSiTBwtM08ec-hfGRDlrCuSxBatMOadDOrQy1I0.css]
[www.feedingamerica.org/our-work/images/sprite1.png]
[www.feedingamerica.org/sites/default/files/assets/images/optimized-images/sprite_master.png]
[www.feedingamerica.org/our-work/hunger-relief-programs/backpack-program.html]
[www.feedingamerica.org/sites/default/files/js/js_hGGVDHPyR2rnXl3C_mfZpTdwAJ65X9uGxU0HYtT8RjA.js]
[www.feedingamerica.org/our-work/hunger-relief-programs/mobile-food-pantry-program.html]
[www.feedingamerica.org/our-work/hunger-relief-programs/drive-thru-pantry.html]
[www.feedingamerica.org/our-work/hunger-relief-programs/senior-programs.html]
[www.feedingamerica.org/sites/default/files/css/css_VDE4AeC1YIeAZv495PpNijEKxwj7Beov5eRnWVC5hyQ.css]
[www.feedingamerica.org/sites/default/files/js/js_SeBeUQx2vmEgg2pfC9T0p23xjFWkmtnUs7yTaX9lgXM.js]
[www.feedingamerica.org/our-work/hunger-relief-programs/snap.html]
[www.feedingamerica.org/our-work/hunger-relief-programs/summer-food-service-program/index.html]
[www.feedingamerica.org/our-work/hunger-relief-programs/backpack-program/index.html]
[www.feedingamerica.org/our-work/hunger-relief-programs/school-pantry.html]
[www.feedingamerica.org/our-work/hunger-relief-programs/kids-cafe.html]
[www.feedingamerica.org/sites/default/files/css/css_qc3XSbPYgplFw74tJjwPIwlJCr5xO1_VVfqAjNFfZoM.css]
[www.feedingamerica.org/sites/default/files/css/css_49yIvRWYjtRqP1Ydi_T_l975ZMEDS9MeqCTktdFErL4.css]
[www.feedingamerica.org/sites/default/files/css/css_xFLzXWuC3uDRPWL3yLcHHGZy6QRYXTxR6FoGuEqHnlk.css]
[www.feedingamerica.org/sites/default/files/css/css_Ivk-ZTJ1Tzi-8ZeqBL0-jcij63LaIL4yHYdloP-CzoM.css]
[www.feedingamerica.org/our-work/hunger-relief-programs/summer-food-service-program.html]
[www.feedingamerica.org/our-work/equity-impact-fund/e,r.href]
[www.feedingamerica.org/themes/custom/ts_feeding_america/images/campaigns/mtmgg-2022a.jpg]
[www.feedingamerica.org/our-work/equity-impact-fund/map.html]
[www.feedingamerica.org/our-work/_https_/www.youtube.com/embed/WitEBCXlFlUdf7b.html]
[www.feedingamerica.org/sites/default/files/js/js_5d8DP3lS87aI_Rjh-ZzfWdMz1FShZieLupX7aSQyhiU.js]
[www.feedingamerica.org/themes/custom/ts_feeding_america/images/fancybox_loading.html]
[www.feedingamerica.org/themes/custom/ts_feeding_america/images/fancybox_sprite-2x.html]
[www.feedingamerica.org/themes/custom/ts_feeding_america/images/fancybox_loading-2x.html]
[www.feedingamerica.org/our-work/hunger-relief-programs/e,r.html]
[www.feedingamerica.org/sites/default/files/css/css_a6KPQSiTBwtM08ec-hfGRDlrCuSxBatMOadDOrQy1I0.css]
[www.feedingamerica.org/our-work/images/sprite1.html]
[www.feedingamerica.org/our-work/hunger-relief-programs/backpack-program.html]
[www.feedingamerica.org/sites/default/files/js/js_hGGVDHPyR2rnXl3C_mfZpTdwAJ65X9uGxU0HYtT8RjA.js]
[www.feedingamerica.org/sites/default/files/css/css_VDE4AeC1YIeAZv495PpNijEKxwj7Beov5eRnWVC5hyQ.css]
[www.feedingamerica.org/sites/default/files/js/js_SeBeUQx2vmEgg2pfC9T0p23xjFWkmtnUs7yTaX9lgXM.js]
[www.feedingamerica.org/sites/default/files/styles/max_325x325/public/2022-06/20220330_FeedingAmerica_SanAntonio-125 (1)a7c7.jpg]
[www.feedingamerica.org/our-work/hunger-relief-programs/summer-food-service-program.html]
[www.feedingamerica.org/our-work/equity-impact-fund/e,r.html]
[www.feedingamerica.org/sites/default/files/js/js_BXlTdziC9OAlFFY-bEei0udWi_zvk_Yu-FaXIJHVe_g.js]
[www.feedingamerica.org/sites/default/files/js/js_BXlTdziC9OAlFFY-bEei0udWi_zvk_Yu-FaXIJHVe_g.js]
