[www.usda.gov/foodwaste/activities.html]
[backblue.gif]
[fade.gif]
[index.html]
[www.usda.gov/sites/default/files/google_tag/primary/google_tag.script95ab.js]
[www.usda.gov/themes/usda/img/favicons/favicon.png]
[www.usda.gov/themes/usda/img/favicons/favicon-192.png]
[www.usda.gov/themes/usda/img/favicons/favicon-57.png]
[www.usda.gov/themes/usda/img/favicons/favicon-72.png]
[www.usda.gov/themes/usda/img/favicons/favicon-114.png]
[www.usda.gov/themes/usda/img/favicons/favicon-144.png]
[www.usda.gov/sites/default/files/css/css_6b661h94gK8pNPvtRgE1l-nVSKhrkBRyJ9KY1VwrVew.css]
[www.usda.gov/sites/default/files/css/css_FvQLvINwBX2DA5C89M_SsXkehpZ4VdbkMW_tTd7Ngv8.css]
[www.usda.gov/sites/default/files/css/css_mwIuPkvSt4uTcX1HGsxc7RO85Y6YhJblUdYpV_4vvzo.css]
[dap.digitalgov.gov/Universal-Federated-Analytics-Minc0db.js]
[www.google-analytics.com/analytics.js]
[www.usda.gov/themes/usda/img/favicons/flag-favicon-57.png]
[www.usda.gov/sites/default/files/foodwaste-hero-5.jpg]
[www.usda.gov/foodwaste/faqs.html]
[www.usda.gov/sites/default/files/js/js_owuVSMQTeBK_iG7PDJyn04KpYRCXDWq2CWWAzXSpAlg.js]
[us1.siteimprove.com/js/siteanalyze_63343.js]
[www.usda.gov/foodwaste/activities.html]
[www.usda.gov/sites/default/files/css/css_6b661h94gK8pNPvtRgE1l-nVSKhrkBRyJ9KY1VwrVew.css]
[www.usda.gov/themes/usda/img/arrow-down.png]
[www.usda.gov/themes/usda/img/correct8.png]
[www.usda.gov/themes/usda/img/external-link.png]
[www.usda.gov/themes/usda/img/external-link-hover.png]
[www.usda.gov/themes/usda/img/external-link-alt.png]
[www.usda.gov/themes/usda/img/external-link-alt-hover.png]
[www.usda.gov/themes/usda/img/minus.png]
[www.usda.gov/themes/usda/img/plus.png]
[www.usda.gov/themes/usda/img/alerts/success.png]
[www.usda.gov/themes/usda/img/alerts/warning.png]
[www.usda.gov/themes/usda/img/alerts/error.png]
[www.usda.gov/themes/usda/img/alerts/info.png]
[www.usda.gov/themes/usda/img/angle-arrow-down-primary.png]
[www.usda.gov/themes/usda/img/angle-arrow-down-primary-hover.png]
[www.usda.gov/themes/usda/img/close-primary.png]
[www.usda.gov/themes/usda/img/angle-arrow-up-primary.png]
[www.usda.gov/themes/usda/img/angle-arrow-up-primary-hover.png]
[www.usda.gov/core/themes/bartik/images/tabs-border.png]
[www.usda.gov/themes/usda/img/arrow-right.png]
[www.usda.gov/themes/usda/img/social-icons/png/social-icon-facebook.png]
[www.usda.gov/themes/usda/img/social-icons/png/social-icon-linkedin.png]
[www.usda.gov/themes/usda/img/social-icons/png/social-icon-flickr.png]
[www.usda.gov/themes/usda/img/social-icons/png/social-icon-google.png]
[www.usda.gov/themes/usda/img/social-icons/png/social-icon-govdelivery.png]
[www.usda.gov/themes/usda/img/social-icons/png/social-icon-constant-contact.png]
[www.usda.gov/themes/usda/img/social-icons/png/social-icon-instagram.png]
[www.usda.gov/themes/usda/img/social-icons/png/social-icon-rss.png]
[www.usda.gov/themes/usda/img/social-icons/png/social-icon-twitter.png]
[www.usda.gov/themes/usda/img/social-icons/png/social-icon-youtube.png]
[www.usda.gov/themes/usda/img/correct9.png]
[www.usda.gov/themes/usda/img/hero.png]
[www.usda.gov/themes/usda/img/plus-alt.png]
[www.usda.gov/themes/usda/img/minus-alt.png]
[www.usda.gov/themes/usda/img/search-alt.png]
[www.usda.gov/themes/usda/img/search.png]
[www.usda.gov/sites/default/files/home-news-release-background.jpg]
[www.usda.gov/sites/default/files/css/css_FvQLvINwBX2DA5C89M_SsXkehpZ4VdbkMW_tTd7Ngv8.css]
[www.usda.gov/sites/default/files/css/css_mwIuPkvSt4uTcX1HGsxc7RO85Y6YhJblUdYpV_4vvzo.css]
[www.usda.gov/sites/default/files/css/css_1FW7buXapkfKphDf0lt6TCTcf-gt9dleg68xAR5b4t4.css]
[www.usda.gov/sites/default/files/foodwaste-faqs-hero-1_0.jpg]
[www.usda.gov/sites/default/files/usda-epa-food-recovery-hierarchy.jpg]
[www.usda.gov/foodwaste/faqs.html]
[www.usda.gov/sites/default/files/home-blog-background.html]
[www.usda.gov/sites/default/files/css/css_1FW7buXapkfKphDf0lt6TCTcf-gt9dleg68xAR5b4t4.css]
