[spc.com.au/4-strategies-for-effective-food-waste-management/index.html]
[backblue.gif]
[fade.gif]
[index.html]
[spc.com.au/wp-content/themes/SPC/assets/img/touch-icon-iphone-retina.png]
[spc.com.au/wp-content/themes/SPC/assets/img/touch-icon-ipad.png]
[spc.com.au/wp-content/themes/SPC/assets/img/touch-icon-ipad-retina.png]
[spc.com.au/wp-includes/css/dist/block-library/style.minfcc2.css]
[spc.com.au/4-strategies-for-effective-food-waste-management/feed/index.html]
[spc.com.au/wp-content/themes/SPC/assets/css/screen.min3646.css]
[spc.com.au/wp-content/themes/SPC/assets/js/site.min3646.js]
[spc.com.au/wp-content/plugins/wonderplugin-lightbox-trial/engine/wonderpluginlightbox6a38.js]
[connect.facebook.net/en_US/fbevents.js]
[spc.com.au/wp-content/themes/SPC/assets/img/logo.png]
[spc.com.au/wp-content/uploads/2021/07/waste.png]
[spc.com.au/wp-content/themes/SPC/assets/img/2x1.trans.gif]
[spc.com.au/wp-content/themes/SPC/assets/img/logo-footer.png]
[js.hs-scripts.com/516058606cf.js]
[www.google-analytics.com/analytics.js]
[spc.com.au/wp-includes/js/wp-embed.minfcc2.js]
[spc.com.au/4-strategies-for-effective-food-waste-management/index.html]
[www.googletagmanager.com/gtm5445.html]
[spc.com.au/wp-includes/css/dist/block-library/style.minfcc2.css]
[spc.com.au/wp-content/themes/SPC/assets/img/fancybox/fancybox_sprite.png]
[spc.com.au/wp-content/themes/SPC/assets/img/fancybox/fancybox_loading.gif]
[spc.com.au/wp-content/themes/SPC/assets/img/icon-close.png]
[spc.com.au/wp-content/themes/SPC/assets/img/fancybox/blank.gif]
[spc.com.au/wp-content/themes/SPC/assets/img/fancybox/fancybox_sprite@2x.png]
[spc.com.au/wp-content/themes/SPC/assets/img/fancybox/fancybox_loading@2x.gif]
[spc.com.au/wp-content/themes/SPC/assets/img/upload.png]
[spc.com.au/wp-content/themes/SPC/assets/img/icon-arrow-right.png]
[spc.com.au/wp-content/themes/SPC/assets/img/icon-select-arrow-white.png]
[spc.com.au/wp-content/themes/SPC/assets/img/contact-link.png]
[spc.com.au/wp-content/themes/SPC/assets/img/story-active-arrow.png]
[spc.com.au/wp-content/themes/SPC/assets/css/screen.min3646.css]
[spc.com.au/4-strategies-for-effective-food-waste-management/POST]
[spc.com.au/4-strategies-for-effective-food-waste-management/b.resolvedLink]
[spc.com.au/4-strategies-for-effective-food-waste-management/schema.org/index.html]
[spc.com.au/signals/iwl.js]
[connect.facebook.net/en_US/fbevents.js]
[spc.com.au/wp-content/themes/SPC/assets/img/icon-close.html]
[spc.com.au/4-strategies-for-effective-food-waste-management/POST.html]
[spc.com.au/4-strategies-for-effective-food-waste-management/schema.org/index.html]
[spc.com.au/4-strategies-for-effective-food-waste-management/b.html]
[spc.com.au/signals/iwl.html]
