[www.fda.gov/food/consumers/tips-reduce-food-waste.html]
[backblue.gif]
[fade.gif]
[index.html]
[www.fda.gov/files/google_tag/production/google_tag.scriptb773.js]
[www.fda.gov/files/css/css_VHvuOZ1nsqABMAG5zhb2JXBbpe_MtuFAUKVdphdeaDc.css]
[www.fda.gov/files/css/css_wZl-oUwtZViT4j1MoWRni-RbKGdqgfm_QYwF8I2qvkA.css]
[script.crazyegg.com/pages/scripts/0024/3700.js]
[dap.digitalgov.gov/Universal-Federated-Analytics-Minc79e.js]
[www.fda.gov/themes/custom/preview/assets/images/US_Flag.png]
[www.fda.gov/food/consumers/food-loss-and-waste.html]
[www.fda.gov/food/consumers/advice-about-eating-fish.html]
[www.fda.gov/food/consumers/national-nutrition-monthr.html]
[www.fda.gov/food/consumers/food-safety-education-month.html]
[www.fda.gov/food/consumers/world-food-safety-day.html]
[www.fda.gov/food/consumers/agricultural-biotechnology.html]
[www.fda.gov/food/consumers/buy-store-serve-safe-food.html]
[www.fda.gov/food/consumers/people-risk-foodborne-illness.html]
[www.fda.gov/food/consumers/what-you-need-know-about-foodborne-illnesses.html]
[www.fda.gov/food/consumers/tips-reduce-food-waste.html]
[www.fda.gov/files/js/js_f11-yQcwk4dchi7FdJKNf0I0n69d34BtTvwyx8jX4VI.js]
[www.fda.gov/core/misc/tree.png]
[www.fda.gov/core/misc/tree-bottom.png]
[www.fda.gov/modules/contrib/jquery_ui/assets/vendor/jquery.ui/themes/base/images/ui-icons_444444_256x240.png]
[www.fda.gov/modules/contrib/jquery_ui/assets/vendor/jquery.ui/themes/base/images/ui-icons_555555_256x240.png]
[www.fda.gov/modules/contrib/jquery_ui/assets/vendor/jquery.ui/themes/base/images/ui-icons_ffffff_256x240.png]
[www.fda.gov/modules/contrib/jquery_ui/assets/vendor/jquery.ui/themes/base/images/ui-icons_777620_256x240.png]
[www.fda.gov/modules/contrib/jquery_ui/assets/vendor/jquery.ui/themes/base/images/ui-icons_cc0000_256x240.png]
[www.fda.gov/modules/contrib/jquery_ui/assets/vendor/jquery.ui/themes/base/images/ui-icons_777777_256x240.png]
[www.fda.gov/files/css/css_VHvuOZ1nsqABMAG5zhb2JXBbpe_MtuFAUKVdphdeaDc.css]
[www.fda.gov/themes/custom/preview/img/default_fda_office.jpg]
[www.fda.gov/themes/custom/preview/assets/images/loading.gif]
[www.fda.gov/files/css/css_wZl-oUwtZViT4j1MoWRni-RbKGdqgfm_QYwF8I2qvkA.css]
[www.fda.gov/food/consumers/social-media-toolkit-food-loss-and-waste.html]
[www.fda.gov/food/consumers/food-waste-animations.html]
[www.fda.gov/files/food_waste_1600x900.jpg]
[www.fda.gov/files/Food-Waste-Resources-from-FDA.jpg]
[www.fda.gov/food/consumers/how-cut-food-waste-and-maintain-food-safety.html]
[www.fda.gov/files/food_recovery_hierarchy_-_eng_high_res_v4.jpg]
[www.fda.gov/files/food_waste_resources_from_usda.jpg]
[www.fda.gov/food/consumers/food-loss-and-waste.html]
[www.fda.gov/files/styles/landscape_16_9_800_x_450/public/FishAdvice-MomBabyc9b2.png]
[www.fda.gov/food/consumers/questions-answers-fdaepa-advice-about-eating-fish-those-who-might-become-or-are-pregnant-or.html]
[www.fda.gov/files/AdviceAboutEatingFish-ChartThumbnail-October2021.png]
[www.fda.gov/food/consumers/resources-use-fdaepas-fish-advice.html]
[www.fda.gov/files/styles/square_1_1_112_x_112/public/Fish_Advice_Icons_Icon1bb37.png]
[www.fda.gov/files/styles/square_1_1_112_x_112/public/Fish_Advice_Icons_VerA-26b55.png]
[www.fda.gov/files/styles/square_1_1_112_x_112/public/Fish_Advice_Icons_VerA-33865.png]
[www.fda.gov/files/styles/square_1_1_112_x_112/public/Fish_Advice_Icons_VerA-4a0d2.png]
[www.fda.gov/files/sbia_dividerX.png]
[www.fda.gov/files/styles/square_1_1_112_x_112/public/FishAdviceServingHand_0b6a9.png]
[www.fda.gov/files/styles/square_1_1_112_x_112/public/Chidren-Silohuette7c59.png]
[www.fda.gov/files/AdviceAboutEatingFish-ChoicesTableThumbnail-October2021_1.png]
[www.fda.gov/food/consumers/kit-de-herramientas-para-redes-sociales-consejos-de-la-fda-y-la-epa-sobre-el-consumo-de-pescado.html]
[www.fda.gov/food/consumers/photonovels-hispanic-american-and-chinese-american-families-advice-about-eating-fish.html]
[www.fda.gov/food/consumers/advice-about-eating-fish.html]
[www.fda.gov/files/2023_02_14_NNM_Banner2_1600x900_1002.png]
[www.fda.gov/files/box_1.jpg]
[www.fda.gov/files/nutritioneducationmaterials.png]
[www.fda.gov/files/styles/media_library/public/Continuing Medical Education8d97.jpg]
[www.fda.gov/files/styles/media_library/public/pediatric_education2dbd.jpg]
[www.fda.gov/food/consumers/national-nutrition-monthr.html]
[www.fda.gov/files/google_tag/production/google_tag.script955a.js]
[www.fda.gov/files/2023-0814-NFSEM_NFSEM_English-V1-1200x675.png]
[www.fda.gov/files/National-Food-Safety-Education-Month-Social-Media-Post1.gif]
[www.fda.gov/files/National-Food-Safety-Education-Month-Social-Media-Post7.jpg]
[www.fda.gov/files/National-Food-Safety-Education-Month-Social-Media-Post3.gif]
[www.fda.gov/files/National-Food-Safety-Education-Month-Social-Media-Post4.gif]
[www.fda.gov/files/National-Food-Safety-Education-Month-Social-Media-Post5.jpg]
[www.fda.gov/files/National-Food-Safety-Education-Month-Social-Media-Post6.jpg]
[www.fda.gov/files/National-Food-Safety-Education-Month-Social-Media-Post2.gif]
[www.fda.gov/files/National-Food-Safety-Education-Month-Social-Media-Post8.jpg]
[www.fda.gov/files/National-Food-Safety-Education-Month-Social-Media-Post9.jpg]
[www.fda.gov/files/National-Food-Safety-Education-Month-Social-Media-Post10.jpg]
[www.fda.gov/files/NewEra_Feature_1600x900.png]
[www.fda.gov/food/consumers/food-safety-education-month.html]
[www.fda.gov/files/styles/landscape_16_9_800_x_450/public/2023-0509-WorldFoodSafetyDay-WebBanner-1600x900-noLogoe9d6.png]
[www.fda.gov/food/consumers/world-food-safety-day.html]
[www.fda.gov/files/FeedYourMindBannerImage2.jpg]
[www.fda.gov/files/gmos_101_pdf_thumbnail.jpg]
[www.fda.gov/files/GMOsInUS-08032022.jpg]
[www.fda.gov/files/gmos_and_your_health_pdf_thumbnail.jpg]
[www.fda.gov/food/consumers/agricultural-biotechnology.html]
[www.fda.gov/files/styles/square_1_1_225_x_225/public/Thumb_1-013b0b.png]
[www.fda.gov/files/styles/square_1_1_225_x_225/public/Eating Fish Small Thumbnail 2f8af.png]
[www.fda.gov/files/Everyday-Food-Safety-Health-Educator-Materials.png]
[www.fda.gov/files/2021_08_05_ERL_Banner_Three_SM_1200_1031.png]
[www.fda.gov/food/consumers/buy-store-serve-safe-food.html]
[www.fda.gov/files/css/css_OO_Keb73C0ZGbnkXCIuDzQE7K4Zlt4cPic0vA_ig5gg.css]
[www.fda.gov/files/styles/medium_3/public/Foodborne Illness Videos_026b3.png]
[www.fda.gov/food/consumers/people-risk-foodborne-illness.html]
[www.fda.gov/food/consumers/what-you-need-know-about-foodborne-illnesses.html]
[www.fda.gov/themes/custom/preview/assets/images/header.html]
[www.fda.gov/files/js/js_97WbZLumTzC_Nd9AwMtidB7tPGPIIxmReNWILiHWEY8.js]
[www.fda.gov/files/Food-Waste-Refrigerator-Leftovers.png]
[www.fda.gov/files/Food-Waste-Freeze-Food.png]
[www.fda.gov/files/Food-Waste-Refrigerator-Shopping-List.png]
[www.fda.gov/files/Food-Waste-Refrigerator-Organize.png]
[www.fda.gov/files/Food-Waste-Ugly-Vegetable.png]
[www.fda.gov/files/Food-Waste-Refrigerator-Date-Label.png]
[www.fda.gov/files/Food-Waste-Date-Labels.png]
[www.fda.gov/files/Food-Waste-Trash-Dump.png]
[www.fda.gov/files/Instagram-Food-Waste-Foodkeeper-App-470px.jpg]
[www.fda.gov/files/Instagram-Food-Waste-Date-Labels-470px.jpg]
[www.fda.gov/files/Instagram-Food-Waste-Restaurant-Leftovers-470px.jpg]
[www.fda.gov/files/Instagram-Food-Waste-Tips-to-Reduce-Food-Waste-In-Store-470px.jpg]
[www.fda.gov/files/Pinterest-Infographic-Tips-to-Reduce-Food-Waste-Home-735x4000px.jpg]
[www.fda.gov/files/Pinterest-Infographic-Tips-to-Reduce-Food-Waste-In-Store-735x3300px.jpg]
[www.fda.gov/files/Pinterest-Infographic-Tips-to-Reduce-Food-Waste-Kitchen-735x5400px.jpg]
[www.fda.gov/files/Pinterest-Infographic-Food-Waste-Confused-by-Date-Labels-735x2000px.jpg]
[www.fda.gov/food/consumers/social-media-toolkit-food-loss-and-waste.html]
[www.fda.gov/food/consumers/food-waste-animations.html]
[www.fda.gov/files/Food-Waste.jpg]
[www.fda.gov/food/consumers/how-cut-food-waste-and-maintain-food-safety.html]
[www.fda.gov/files/4ozservingoffish.png]
[www.fda.gov/food/consumers/questions-answers-fdaepa-advice-about-eating-fish-those-who-might-become-or-are-pregnant-or.html]
[www.fda.gov/files/2023_03_20_FishResourcesCollage_1600x900_0634.png]
[www.fda.gov/files/styles/landscape_16_9_800_x_450/public/divider_0f733.png]
[www.fda.gov/files/FishAdvice_2pager_800X450.jpg]
[www.fda.gov/files/styles/portrait_3_4_225_x_300/public/2023_03_17_FishAdvice_Infographic_Pregnant_450x600f050.jpg]
[www.fda.gov/files/styles/portrait_3_4_225_x_300/public/FishAdvice_Infographic_Children_450x6002407.jpg]
[www.fda.gov/files/FishAdvice_Photonovels_800X450.jpg]
[www.fda.gov/files/styles/portrait_3_4_225_x_300/public/FishAdvice_RiskBooklet_450x6005b50.jpg]
[www.fda.gov/files/styles/portrait_3_4_225_x_300/public/SeafoodFoodFacts_Thumbnailbd3b.jpg]
[www.fda.gov/food/consumers/social-media-toolkit-fdaepa-advice-about-eating-fish.html]
[www.fda.gov/files/FishAdvice_Toolkit_800x450.jpg]
[www.fda.gov/files/2023_03_17_FishAdvice_InfographicPPT_Pregnant_800x450.jpg]
[www.fda.gov/files/2023_03_17_FishAdvice_InfographicPPT_Children_800X450.jpg]
[www.fda.gov/food/consumers/resources-use-fdaepas-fish-advice.html]
[www.fda.gov/files/2021_10_12_FishAdvice_SM_FamilyEating_SPANISH_1200x675_1557.png]
[www.fda.gov/files/2021_11_16_FishAdvice_MomFeedChild_1200x675_1511.png]
[www.fda.gov/files/2021_11_16_FishAdvice_PregnantWoman_w2Plates_1200x675_1511.png]
[www.fda.gov/files/2021_11_16_FishAdvice_ChildEating_1200x675_1511.png]
[www.fda.gov/files/2021_11_16_FishAdvice_PregnantWomanwSalad_1200x675_1511.png]
[www.fda.gov/files/2021_11_16_FishAdvice_SalmonPlate_1200x675_1511.png]
[www.fda.gov/files/2021_11_16_FishAdvice_ChildEatingFish1_1200x675_1511.png]
[www.fda.gov/files/2021_11_17_FishAdvice_DadandChildatTable_1200x675_1135.png]
[www.fda.gov/files/styles/square_1_1_450_x_450/public/2021_11_16_FishAdvice_SalmonPlate_1080x1080_1511a9d0.png]
[www.fda.gov/files/2021_11_23_FishAdvice_Vertical_EatingFish_Pregnancy_Badge_120x240_1419.png]
[www.fda.gov/files/2021_11_23_FishAdvice_Vertical_EatingFish_Children_Badge_120x240_1419.png]
[www.fda.gov/files/2021_11_23_FishAdvice_Horizontal_Badge_240x120_1419.png]
[www.fda.gov/files/2021_11_23_FishAdvice_Horizontal_Badge_Breastfeed_240x120_1419.png]
[www.fda.gov/files/2021_11_23_FishAdvice_Horizontal_Badge_ChildGrowth_240x120_1419.png]
[www.fda.gov/files/2021_11_23_FishAdvice_Vertical_SeafoodMonth_Badge_120x240_1419.png]
[www.fda.gov/food/consumers/kit-de-herramientas-para-redes-sociales-consejos-de-la-fda-y-la-epa-sobre-el-consumo-de-pescado.html]
[www.fda.gov/files/photonovelimage1.jpg]
[www.fda.gov/files/photonovelimage2.jpg]
[www.fda.gov/food/consumers/photonovels-hispanic-american-and-chinese-american-families-advice-about-eating-fish.html]
[www.fda.gov/food/consumers/mes-de-educacion-sobre-la-inocuidad-alimentaria.html]
[www.fda.gov/food/consumers/mes-de-educacion-en-seguridad-alimentaria/index.html]
[www.fda.gov/files/css/css_OO_Keb73C0ZGbnkXCIuDzQE7K4Zlt4cPic0vA_ig5gg.css]
[www.fda.gov/files/2021_10_01_FishAdvice_SM_FamilyEating_1200x675_0923.png]
[www.fda.gov/files/2019_09_17_fishadvice_momfeedingchild_1416_0.png]
[www.fda.gov/files/2019_09_06_fishadvice_fork_knife_1018_0.png]
[www.fda.gov/files/2019_09_06_fishadvice_childeating_1018.png]
[www.fda.gov/files/2019_09_06_fishadvice_pregnantwoman_1018.png]
[www.fda.gov/files/2021_09_29_FishAdvice_SalmonPlate_1200x675_0721.png]
[www.fda.gov/files/2021_09_29_FishAdvice_ChildEatingFish1_1200x675_01122.png]
[www.fda.gov/files/2021_11_29_FishAdvice_DadandChildatTable_1200x675_1300.png]
[www.fda.gov/files/styles/square_1_1_450_x_450/public/2021_09_29_FishAdvice_SalmonPlate_1080x1080_07219b29.png]
[www.fda.gov/files/2021_10_01_FishAdvice_Vertical_EatingFish_Pregnancy_Badge_120x240_0923.png]
[www.fda.gov/files/2021_10_01_FishAdvice_Vertical_EatingFish_Children_Badge_120x240 copy_0923.png]
[www.fda.gov/files/2021_09_24_FishAdvice_Horizontal_Badge_240x120_1408.png]
[www.fda.gov/files/2021_09_28_FishAdvice_Horizontal_Badge_Breastfeed_240x120_1135.png]
[www.fda.gov/files/2021_09_28_FishAdvice_Horizontal_Badge_ChildGrowth_240x120_1135.png]
[www.fda.gov/files/2021_10_01_FishAdvice_Vertical_SeafoodMonth_Badge_120x240_0923.png]
[www.fda.gov/food/consumers/social-media-toolkit-fdaepa-advice-about-eating-fish.html]
[www.fda.gov/files/2023-0814-NFSEM_NFSEM_Spanish-V1-1200x675.png]
[www.fda.gov/files/National-Food-Safety-Education-Month-Social-Media-Post1_Spanish.gif]
[www.fda.gov/files/National-Food-Safety-Education-Month-Social-Media-Post7_Spanish.png]
[www.fda.gov/files/National-Food-Safety-Education-Month-Social-Media-Post3_Spanish.gif]
[www.fda.gov/files/National-Food-Safety-Education-Month-Social-Media-Post4_Spanish.gif]
[www.fda.gov/files/National-Food-Safety-Education-Month-Social-Media-Post6_Spanish.png]
[www.fda.gov/files/National-Food-Safety-Education-Month-Social-Media-Post2_Spanish_0.gif]
[www.fda.gov/food/consumers/mes-de-educacion-sobre-la-inocuidad-alimentaria.html]
