[foodprint.org/eating-sustainably/composting-and-food-waste/index.html]
[backblue.gif]
[fade.gif]
[index.html]
[foodprint.org/wp-content/themes/foodprint/favicons/apple-touch-icon-57x57.png]
[foodprint.org/wp-content/themes/foodprint/favicons/apple-touch-icon-114x114.png]
[foodprint.org/wp-content/themes/foodprint/favicons/apple-touch-icon-72x72.png]
[foodprint.org/wp-content/themes/foodprint/favicons/apple-touch-icon-144x144.png]
[foodprint.org/wp-content/themes/foodprint/favicons/apple-touch-icon-60x60.png]
[foodprint.org/wp-content/themes/foodprint/favicons/apple-touch-icon-120x120.png]
[foodprint.org/wp-content/themes/foodprint/favicons/apple-touch-icon-76x76.png]
[foodprint.org/wp-content/themes/foodprint/favicons/apple-touch-icon-152x152.png]
[foodprint.org/wp-content/themes/foodprint/favicons/favicon-196x196.png]
[foodprint.org/wp-content/themes/foodprint/favicons/favicon-96x96.png]
[foodprint.org/wp-content/themes/foodprint/favicons/favicon-32x32.png]
[foodprint.org/wp-content/themes/foodprint/favicons/favicon-16x16.png]
[foodprint.org/wp-content/themes/foodprint/favicons/favicon-128.png]
[foodprint.org/wp-content/themes/foodprint/favicons/mstile-144x144.png]
[foodprint.org/wp-content/themes/foodprint/favicons/mstile-70x70.png]
[foodprint.org/wp-content/themes/foodprint/favicons/mstile-150x150.png]
[foodprint.org/wp-content/themes/foodprint/favicons/mstile-310x150.png]
[foodprint.org/wp-content/themes/foodprint/favicons/mstile-310x310.png]
[www.google-analytics.com/analytics.js]
[foodprint.org/wp-includes/css/dist/block-library/style.min9b30.css]
[foodprint.org/wp-content/cache/autoptimize/css/autoptimize_single_0e4a098f3f6e3faede64db8b9da80ba241a3.css]
[foodprint.org/wp-includes/css/dashicons.min9b30.css]
[foodprint.org/wp-content/plugins/post-views-counter/css/frontend.min676b.css]
[foodprint.org/wp-content/cache/autoptimize/css/autoptimize_single_8e3f087c149daf161cdf0a219cd89eee4576.css]
[foodprint.org/wp-content/themes/foodprint/assets/js/headroom.min055f.js]
[foodprint.org/wp-content/uploads/2018/10/cropped-FoodPrint_Favicon-32x32.png]
[foodprint.org/wp-content/uploads/2018/10/cropped-FoodPrint_Favicon-192x192.png]
[foodprint.org/wp-content/uploads/2018/10/cropped-FoodPrint_Favicon-180x180.png]
[foodprint.org/wp-content/uploads/2019/09/Composting-And-Food-Waste.jpg]
[foodprint.org/wp-content/uploads/2019/09/Compost-Bin-1024x682.jpg]
[foodprint.org/wp-content/uploads/2019/09/Food-Packaging-Pollution-1024x683.jpg]
[foodprint.org/wp-content/uploads/2019/09/Backyard-Composting-Bin-1024x681.jpg]
[foodprint.org/wp-content/uploads/2019/09/Worm-Compost-Bin-1024x676.jpg]
[foodprint.org/wp-content/uploads/2019/09/Cooking-With-Less-Food-Waste-1024x703.jpeg]
[foodprint.org/wp-content/uploads/2019/09/Ways-to-Reduce-Food-Waste-1024x683.jpg]
[foodprint.org/eating-sustainably/composting-and-food-waste/vermicomposting-101/index.html]
[foodprint.org/wp-content/themes/foodprint/_static/build/img/Footer_Background.jpg]
[foodprint.org/wp-content/cache/autoptimize/js/autoptimize_single_6ce86c3105139cb3c80913e6a3696a9641a3.js]
[foodprint.org/wp-content/cache/autoptimize/js/autoptimize_single_5bc2b1fa970f9cecb3c30c0c92c9827141a3.js]
[foodprint.org/eating-sustainably/composting-and-food-waste/compost-101/index.html]
[foodprint.org/eating-sustainably/composting-and-food-waste/index.html]
[foodprint.org/wp-content/plugins/wp-smush-pro/app/assets/js/smush-lazy-load-native.min64e1.js]
[foodprint.org/wp-includes/css/dist/block-library/style.min9b30.css]
[foodprint.org/wp-content/cache/autoptimize/css/autoptimize_single_0e4a098f3f6e3faede64db8b9da80ba241a3.css]
[foodprint.org/wp-includes/css/dashicons.min9b30.css]
[foodprint.org/wp-content/plugins/post-views-counter/css/frontend.min676b.css]
[foodprint.org/wp-content/cache/autoptimize/css/autoptimize_single_8e3f087c149daf161cdf0a219cd89eee4576.css]
[foodprint.org/wp-content/cache/autoptimize/js/autoptimize_single_5afb2cd48f35f7d79f10d35082ebbf10aa31.js]
[foodprint.org/wp-content/cache/autoptimize/css/autoptimize_single_8e3f087c149daf161cdf0a219cd89eeea4f4.css]
[foodprint.org/wp-content/themes/foodprint/assets/js/headroom.mineef9.js]
[foodprint.org/wp-content/uploads/2018/10/AdobeStock_141298704_optimized.jpg]
[foodprint.org/eating-sustainably/composting-and-food-waste/vermicomposting-101/index.html]
[foodprint.org/wp-content/cache/autoptimize/js/autoptimize_single_5afb2cd48f35f7d79f10d35082ebbf109738.js]
[foodprint.org/wp-content/cache/autoptimize/css/autoptimize_single_8e3f087c149daf161cdf0a219cd89eeeb18c.css]
[foodprint.org/wp-content/themes/foodprint/assets/js/headroom.mind63b.js]
[foodprint.org/wp-content/uploads/2018/10/GettyImages-871926864_optimized.jpg]
[foodprint.org/wp-content/uploads/2020/06/AdobeStock_308543064_1920x960.jpg]
[foodprint.org/wp-content/uploads/2018/10/hor_7919.jpg]
[foodprint.org/eating-sustainably/composting-and-food-waste/compost-101/index.html]
[foodprint.org/wp-content/cache/autoptimize/css/autoptimize_single_8e3f087c149daf161cdf0a219cd89eeea4f4.css]
[foodprint.org/wp-content/cache/autoptimize/css/autoptimize_single_8e3f087c149daf161cdf0a219cd89eeeb18c.css]
[foodprint.org/wp-content/cache/autoptimize/js/autoptimize_single_5afb2cd48f35f7d79f10d35082ebbf10b5bd.js]
