[frederickcountymd.gov/8199/Reducing-Food-Waste.html]
[backblue.gif]
[fade.gif]
[index.html]
[siteimproveanalytics.com/js/siteanalyze_1303294.js]
[frederickcountymd.gov/1492061789.css]
[frederickcountymd.gov/-1998599822.css]
[frederickcountymd.gov/Assets/Styles/Print.css]
[frederickcountymd.gov/Scripts/2011.3.1115/jquery-1.6.4.min.js]
[frederickcountymd.gov/248816995.js]
[frederickcountymd.gov/745732998.css]
[frederickcountymd.gov/Assets/Scripts/APIClient.js]
[frederickcountymd.gov/Assets/Scripts/MomentJs/2.29.1/moment.min.js]
[frederickcountymd.gov/Assets/Scripts/SplashModal/SplashModalRender.js]
[frederickcountymd.gov/Common/Controls/jquery-ui/js/jquery.ui.autocomplete.min.js]
[frederickcountymd.gov/Areas/Layout/Assets/Scripts/Search.js]
[code.jquery.com/ui/1.10.3/themes/smoothness/jquery-ui.css]
[frederickcountymd.gov/-1856420368.js]
[translate.google.com/translate_a/elementa0d8.js]
[www.browsealoud.com/plus/scripts/ba.js]
[frederickcountymd.gov/8199/Reducing-Food-Waste.html]
[www.googletagmanager.com/gtm5445.html]
[frederickcountymd.gov/8199/responsiveGhost=1; path=/index.html]
[app.frase.io/js/libraries/bot.js]
[frederickcountymd.gov/Areas/Pages/Assets/Images/LiveEditMenuIndicatorBkg.png]
[frederickcountymd.gov/Assets/Images/IconMoveMenuItem.png]
[frederickcountymd.gov/Assets/Images/IconRemoveItem.png]
[frederickcountymd.gov/Areas/Pages/Assets/Images/LiveEditSprite.png]
[frederickcountymd.gov/App_Themes/CP/Images/IconDatePickerSmall.png]
[frederickcountymd.gov/App_Themes/CP/Images/IconTimePickerSmall.png]
[frederickcountymd.gov/Common/Images/Calendar/CalendarSelectSmall.png]
[frederickcountymd.gov/Common/Images/Calendar/ClockSelectSmall.png]
[frederickcountymd.gov/Assets/Images/AdminIconToolbarHome.png]
[frederickcountymd.gov/Assets/Images/LiveEditToggleOff.png]
[frederickcountymd.gov/App_Themes/CP/Images/LiveEditHoverControl.png]
[frederickcountymd.gov/App_Themes/CP/Images/ModuleIconsSprite.gif]
[frederickcountymd.gov/Assets/Images/SlideshowArrows.png]
[frederickcountymd.gov/App_Themes/CP/images/AdminExpandCollapseControlCollapsed.png]
[frederickcountymd.gov/App_Themes/CP/images/AdminExpandCollapseControlExpanded.png]
[frederickcountymd.gov/Assets/Images/IconAlertFullCircleBlackOn.gif]
[frederickcountymd.gov/Assets/Images/IconAlertFullCircleWhiteOn.gif]
[frederickcountymd.gov/Assets/Images/IconAlertFullCircleNoBkgOn.gif]
[frederickcountymd.gov/Assets/Images/IconAlertFullSquareBlackOn.gif]
[frederickcountymd.gov/Assets/Images/IconAlertFullSquareWhiteOn.gif]
[frederickcountymd.gov/Assets/Images/IconAlertFullTriangleBlackOn.png]
[frederickcountymd.gov/Assets/Images/IconAlertFullTriangleWhiteOn.png]
[frederickcountymd.gov/Assets/Images/IconAlertFullTriangleNoBkgOn.png]
[frederickcountymd.gov/Assets/Images/IconAlertFullCircleBlackOff.png]
[frederickcountymd.gov/Assets/Images/IconAlertFullCircleWhiteOff.png]
[frederickcountymd.gov/Assets/Images/IconAlertFullCircleNoBkgOff.png]
[frederickcountymd.gov/Assets/Images/IconAlertFullSquareBlackOff.png]
[frederickcountymd.gov/Assets/Images/IconAlertFullSquareWhiteOff.png]
[frederickcountymd.gov/Assets/Images/IconAlertFullTriangleBlackOff.png]
[frederickcountymd.gov/Assets/Images/IconAlertFullTriangleWhiteOff.png]
[frederickcountymd.gov/Assets/Images/IconAlertFullTriangleNoBkgOff.png]
[frederickcountymd.gov/Assets/Images/IconAlertBasicCircleBlackOn.gif]
[frederickcountymd.gov/Assets/Images/IconAlertBasicCircleWhiteOn.gif]
[frederickcountymd.gov/Assets/Images/IconAlertBasicCircleNoBkgOn.gif]
[frederickcountymd.gov/Assets/Images/IconAlertBasicSquareBlackOn.gif]
[frederickcountymd.gov/Assets/Images/IconAlertBasicSquareWhiteOn.gif]
[frederickcountymd.gov/Assets/Images/IconAlertBasicTriangleBlackOn.png]
[frederickcountymd.gov/Assets/Images/IconAlertBasicTriangleWhiteOn.png]
[frederickcountymd.gov/Assets/Images/IconAlertBasicTriangleNoBkgOn.png]
[frederickcountymd.gov/Assets/Images/IconAlertBasicCircleNoBkgOnNonflashing.png]
[frederickcountymd.gov/Assets/Images/IconAlertBasicYellowSquareBkgOn.png]
[frederickcountymd.gov/Assets/Images/IconAlertBasicOrangeCircleBkgOn.png]
[frederickcountymd.gov/Assets/Images/IconAlertBasicCircleBlackOff.png]
[frederickcountymd.gov/Assets/Images/IconAlertBasicCircleWhiteOff.png]
[frederickcountymd.gov/Assets/Images/IconAlertBasicCircleNoBkgOff.png]
[frederickcountymd.gov/Assets/Images/IconAlertBasicSquareBlackOff.png]
[frederickcountymd.gov/Assets/Images/IconAlertBasicSquareWhiteOff.png]
[frederickcountymd.gov/Assets/Images/IconAlertBasicTriangleBlackOff.png]
[frederickcountymd.gov/Assets/Images/IconAlertBasicTriangleWhiteOff.png]
[frederickcountymd.gov/Assets/Images/IconAlertBasicTriangleNoBkgOff.png]
[frederickcountymd.gov/Areas/CommunityVoice/Assets/Images/HomeIconSmallThumbsUp.png]
[frederickcountymd.gov/Areas/CommunityVoice/Assets/Images/HomeIconSmallThumbsUpVoted.png]
[frederickcountymd.gov/Areas/CommunityVoice/Assets/Images/HomeIconSmallThumbsDown.png]
[frederickcountymd.gov/Areas/CommunityVoice/Assets/Images/HomeIconSmallThumbsDownVoted.png]
[frederickcountymd.gov/Areas/CommunityVoice/Assets/Images/HomeIconSmallComments.png]
[frederickcountymd.gov/App_Themes/CP/Images/FisherPriceButtonRemove.png]
[frederickcountymd.gov/App_Themes/CP/Images/FisherPriceButtonAdd.png]
[frederickcountymd.gov/Assets/Images/SocialIconSprite.png]
[frederickcountymd.gov/Assets/Images/SiteToolsIconSprite.png]
[frederickcountymd.gov/Assets/Images/NewWindowIcon.png]
[frederickcountymd.gov/App_Themes/CP/Images/FisherPriceMappedIcon.png]
[frederickcountymd.gov/Common/images/ArchiveCenterIconSmall.png]
[frederickcountymd.gov/Common/images/AllIconSmall.png]
[frederickcountymd.gov/Common/images/BidsIconSmall.png]
[frederickcountymd.gov/Common/images/AgendaCenterIconSmall.png]
[frederickcountymd.gov/Common/images/AlertCenterIconSmall.png]
[frederickcountymd.gov/Common/images/BlogIconSmall.png]
[frederickcountymd.gov/Common/images/EventsCalendarIconSmall.png]
[frederickcountymd.gov/Common/images/JobsIconSmall.png]
[frederickcountymd.gov/Assets/Images/CommunityVoiceIconSmall.png]
[frederickcountymd.gov/Assets/Images/CommunityConnectionIconSmall.png]
[frederickcountymd.gov/Common/images/MediaCenterIconSmall.png]
[frederickcountymd.gov/Common/images/NewsFlashIconSmall.png]
[frederickcountymd.gov/Common/images/NotifyMeIconSmall.png]
[frederickcountymd.gov/Common/images/PagesIconSmall.png]
[frederickcountymd.gov/Common/images/PhotoGalleryIconSmall.png]
[frederickcountymd.gov/Common/images/RealEstateLocatorIconSmall.png]
[frederickcountymd.gov/Common/images/FeedIcon.png]
[frederickcountymd.gov/Assets/Images/FacilitiesItemIcon.gif]
[frederickcountymd.gov/Assets/Images/IconFileNone.png]
[frederickcountymd.gov/Assets/Images/IconFolderClosed.gif]
[frederickcountymd.gov/Assets/Images/IconFolderOpen.gif]
[frederickcountymd.gov/Assets/Images/IconFileWord.png]
[frederickcountymd.gov/Assets/Images/IconFileExcel.png]
[frederickcountymd.gov/Assets/Images/IconFileCsv.png]
[frederickcountymd.gov/Assets/Images/IconFileGif.png]
[frederickcountymd.gov/Assets/Images/IconFileHtml.png]
[frederickcountymd.gov/Assets/Images/IconFileJpeg.png]
[frederickcountymd.gov/Assets/Images/IconFilePpt.png]
[frederickcountymd.gov/Assets/Images/IconFilePdf.png]
[frederickcountymd.gov/Assets/Images/IconFilePng.png]
[frederickcountymd.gov/Assets/Images/IconFileBmp.gif]
[frederickcountymd.gov/Assets/Images/IconFileText.png]
[frederickcountymd.gov/Common/images/ButtonRightBkg.png]
[frederickcountymd.gov/Common/images/ButtonLeftBkg.png]
[frederickcountymd.gov/Assets/Images/IconShareFacebookWhite.png]
[frederickcountymd.gov/Assets/Images/IconShareYahooWhite.png]
[frederickcountymd.gov/Assets/Images/IconShareLinkedIn.png]
[frederickcountymd.gov/Assets/Images/IconShareTwitterWhite.png]
[frederickcountymd.gov/Common/images/SelectRightBkg.png]
[frederickcountymd.gov/Common/images/SelectLeftBkg.png]
[frederickcountymd.gov/Common/images/SelectRightActiveBkg.png]
[frederickcountymd.gov/Common/images/SelectLeftActiveBkg.png]
[frederickcountymd.gov/Common/images/IconArchives.png]
[frederickcountymd.gov/Common/images/IconRss.png]
[frederickcountymd.gov/Common/images/IconHelp.png]
[frederickcountymd.gov/Common/images/AgendaCenterIconStandard.png]
[frederickcountymd.gov/Common/images/AlertCenterIconStandard.png]
[frederickcountymd.gov/Common/images/BidsIconStandard.png]
[frederickcountymd.gov/Common/images/BlogIconStandard.png]
[frederickcountymd.gov/Common/images/EventsCalendarIconStandard.png]
[frederickcountymd.gov/Assets/Images/CommunityVoiceIconStandard.png]
[frederickcountymd.gov/Common/Images/CommunityConnectionIconStandard.png]
[frederickcountymd.gov/Common/images/JobsIconStandard.png]
[frederickcountymd.gov/Common/images/NewsFlashIconStandard.png]
[frederickcountymd.gov/Common/images/NotifyMeIconStandard.png]
[frederickcountymd.gov/Common/images/PhotoGalleryIconStandard.png]
[frederickcountymd.gov/Common/images/RealEstateLocatorIconStandard.png]
[frederickcountymd.gov/Assets/Images/FacilitiesIconStandard.png]
[frederickcountymd.gov/common/images/DropDownTop.png]
[frederickcountymd.gov/common/images/DropDownBottom.png]
[frederickcountymd.gov/Common/images/ToolsIconSmall.png]
[frederickcountymd.gov/Common/images/CategoriesIconSmall.png]
[frederickcountymd.gov/Assets/Images/IconBadgeTrophyGold.png]
[frederickcountymd.gov/Assets/Images/IconBadgeTrophySilver.png]
[frederickcountymd.gov/Assets/Images/IconBadgeTrophyBronze.png]
[frederickcountymd.gov/Assets/Images/IconBadgeMedalGold.png]
[frederickcountymd.gov/Assets/Images/IconBadgeMedalSilver.png]
[frederickcountymd.gov/Assets/Images/IconBadgeMedalBronze.png]
[frederickcountymd.gov/Assets/Images/IconBadgeRibbonBlue.png]
[frederickcountymd.gov/Assets/Images/IconBadgeRibbonRed.png]
[frederickcountymd.gov/Assets/Images/IconBadgeRibbonPurple.png]
[frederickcountymd.gov/Assets/Images/HomeIconLeaderboard.png]
[frederickcountymd.gov/Common/images/ArchiveFilterIcon.png]
[frederickcountymd.gov/1492061789.css]
[frederickcountymd.gov/Assets/Images/SlideshowOverlay.png]
[frederickcountymd.gov/Assets/Images/PaginationDots.png]
[frederickcountymd.gov/Areas/Pages/Assets/Images/Intro.png]
[frederickcountymd.gov/-1998599822.css]
[frederickcountymd.gov/Assets/Styles/Print.css]
[frederickcountymd.gov/745732998.css]
[code.jquery.com/ui/1.10.3/themes/smoothness/images/animated-overlay.gif]
[code.jquery.com/ui/1.10.3/themes/smoothness/images/ui-bg_flat_75_ffffff_40x100.png]
[code.jquery.com/ui/1.10.3/themes/smoothness/images/ui-bg_highlight-soft_75_cccccc_1x100.png]
[code.jquery.com/ui/1.10.3/themes/smoothness/images/ui-bg_glass_75_e6e6e6_1x400.png]
[code.jquery.com/ui/1.10.3/themes/smoothness/images/ui-bg_glass_75_dadada_1x400.png]
[code.jquery.com/ui/1.10.3/themes/smoothness/images/ui-bg_glass_65_ffffff_1x400.png]
[code.jquery.com/ui/1.10.3/themes/smoothness/images/ui-bg_glass_55_fbf9ee_1x400.png]
[code.jquery.com/ui/1.10.3/themes/smoothness/images/ui-bg_glass_95_fef1ec_1x400.png]
[code.jquery.com/ui/1.10.3/themes/smoothness/images/ui-icons_222222_256x240.png]
[code.jquery.com/ui/1.10.3/themes/smoothness/images/ui-icons_888888_256x240.png]
[code.jquery.com/ui/1.10.3/themes/smoothness/images/ui-icons_454545_256x240.png]
[code.jquery.com/ui/1.10.3/themes/smoothness/images/ui-icons_2e83ff_256x240.png]
[code.jquery.com/ui/1.10.3/themes/smoothness/images/ui-icons_cd0a0a_256x240.png]
[code.jquery.com/ui/1.10.3/themes/smoothness/images/ui-bg_flat_0_aaaaaa_40x100.png]
[code.jquery.com/ui/1.10.3/themes/smoothness/jquery-ui.css]
[frederickcountymd.gov/8199/translateActive=true; expires=12/31/2999; path=/index.html]
[www.browsealoud.com/plus/scripts/ba.js]
[frederickcountymd.gov/8199/responsiveGhost=0; path=/index.html]
[frederickcountymd.gov/Assets/Common/images/IconWizardSteps.html]
[frederickcountymd.gov/Assets/Common/Images/WizardComplete.html]
[frederickcountymd.gov/Assets/Common/Images/WizardIncomplete.html]
[frederickcountymd.gov/Assets/Assets/Images/ToolbarCarouselArrows.html]
[frederickcountymd.gov/Images/SlideshowArrows.html]
[frederickcountymd.gov/Assets/Mystique/Shared/Images/IconArrow--Down.svg]
[frederickcountymd.gov/Assets/Images/IconShareGoogleWhite.html]
[frederickcountymd.gov/Assets/Mystique/Shared/Images/IndividualIcons/IconModuleActivities.svg]
[frederickcountymd.gov/Assets/Mystique/Shared/Images/IndividualIcons/IconModuleAgendaCenter.svg]
[frederickcountymd.gov/Assets/Mystique/Shared/Images/IndividualIcons/IconModuleAlertCenter.svg]
[frederickcountymd.gov/Assets/Mystique/Shared/Images/IndividualIcons/IconModuleArchive.svg]
[frederickcountymd.gov/Assets/Mystique/Shared/Images/IndividualIcons/IconModuleJobs.svg]
[frederickcountymd.gov/Assets/Mystique/Shared/Images/IndividualIcons/IconModuleOnlineJobApplications.svg]
[frederickcountymd.gov/Assets/Mystique/Shared/Images/IndividualIcons/IconModuleBids.svg]
[frederickcountymd.gov/Assets/Mystique/Shared/Images/IndividualIcons/IconModuleBlog.svg]
[frederickcountymd.gov/Assets/Mystique/Shared/Images/IndividualIcons/IconModuleCalendar.svg]
[frederickcountymd.gov/Assets/Mystique/Shared/Images/IndividualIcons/IconModuleNewsFlash.svg]
[frederickcountymd.gov/Assets/Mystique/Shared/Images/IndividualIcons/IconModuleCityDirectory.svg]
[frederickcountymd.gov/Assets/Mystique/Shared/Images/IndividualIcons/IconModuleCityPolls.svg]
[frederickcountymd.gov/Assets/Mystique/Shared/Images/IndividualIcons/IconModuleCommunityVoice.svg]
[frederickcountymd.gov/Assets/Mystique/Shared/Images/IndividualIcons/IconModuleCommunityConnection.svg]
[frederickcountymd.gov/Assets/Mystique/Shared/Images/IndividualIcons/IconModuleCitizenRequestTracker.svg]
[frederickcountymd.gov/Assets/Mystique/Shared/Images/IndividualIcons/IconModuleDocumentCenter.svg]
[frederickcountymd.gov/Assets/Mystique/Shared/Images/IndividualIcons/IconModuleEmailPage.svg]
[frederickcountymd.gov/Assets/Mystique/Shared/Images/IndividualIcons/IconEmergencyAlerts.svg]
[frederickcountymd.gov/Assets/Mystique/Shared/Images/IndividualIcons/IconModuleEPayment.svg]
[frederickcountymd.gov/Assets/Mystique/Shared/Images/IndividualIcons/IconModuleFacilities.svg]
[frederickcountymd.gov/Assets/Mystique/Shared/Images/IndividualIcons/IconModuleFAQs.svg]
[frederickcountymd.gov/Assets/Mystique/Shared/Images/IndividualIcons/IconModuleFormCenter.svg]
[frederickcountymd.gov/Assets/Mystique/Shared/Images/IndividualIcons/IconModuleLicensing.svg]
[frederickcountymd.gov/Assets/Mystique/Shared/Images/IndividualIcons/IconModuleMyAccount.svg]
[frederickcountymd.gov/Assets/Mystique/Shared/Images/IndividualIcons/IconModuleMyDashboard.svg]
[frederickcountymd.gov/Assets/Mystique/Shared/Images/IndividualIcons/IconModuleCivicMedia.svg]
[frederickcountymd.gov/Assets/Mystique/Shared/Images/IndividualIcons/IconModuleNotifyMe.svg]
[frederickcountymd.gov/Assets/Mystique/Shared/Images/IndividualIcons/IconModulePages.svg]
[frederickcountymd.gov/Assets/Mystique/Shared/Images/IndividualIcons/IconModulePhotoGallery.svg]
[frederickcountymd.gov/Assets/Mystique/Shared/Images/IndividualIcons/IconModuleQuicklinks.svg]
[frederickcountymd.gov/Assets/Mystique/Shared/Images/IndividualIcons/IconModuleRealEstateLocator.svg]
[frederickcountymd.gov/Assets/Mystique/Shared/Images/IndividualIcons/IconModuleLocations.svg]
[frederickcountymd.gov/Assets/Mystique/Shared/Images/IndividualIcons/IconRSSFeed.svg]
[frederickcountymd.gov/Assets/Mystique/Shared/Images/IndividualIcons/IconModuleResourceDirectory.svg]
[frederickcountymd.gov/Assets/Mystique/Shared/Images/IndividualIcons/IconModuleSiteMap.svg]
[frederickcountymd.gov/8199/Trident/index.html]
