[backblue.gif]
[fade.gif]
[index.html]
[www.epa.gov/system/files/images/2022-03/epa-standard-twitter.jpg]
[www.epa.gov/themes/epa_theme/images/favicon-196.png]
[www.epa.gov/themes/epa_theme/images/favicon-152.png]
[www.epa.gov/themes/epa_theme/images/favicon-144.png]
[www.epa.gov/themes/epa_theme/images/favicon-120.png]
[www.epa.gov/themes/epa_theme/images/favicon-114.png]
[www.epa.gov/themes/epa_theme/images/favicon-72.png]
[www.epa.gov/themes/epa_theme/images/favicon-180.png]
[www.epa.gov/themes/epa_theme/images/favicon-32.png]
[www.epa.gov/core/themes/stable/css/system/components/ajax-progress.module3cb8.css]
[www.epa.gov/core/themes/stable/css/system/components/tabledrag.module3cb8.css]
[www.epa.gov/themes/epa_theme/fonts/noto-sans-arabic3cb8.css]
[www.epa.gov/themes/epa_theme/css/styles3cb8.css]
[www.epa.gov/themes/epa_theme/css-lib/colorbox.min3cb8.css]
[www.epa.gov/themes/epa_theme/images/us_flag_small.png]
[www.epa.gov/system/files/styles/small/private/images/2022-02/redandpurple8e5e.jpg]
[www.epa.gov/system/files/images/2022-02/benefits.png]
[www.epa.gov/system/files/styles/small/private/images/2022-02/benefits8474.png]
[f.hubspotusercontent00.net/hubfs/416759/Homejpg.jpg]
[www.epa.gov/system/files/styles/medium/private/images/2022-02/planningshopping2_0ff17.jpg]
[www.epa.gov/system/files/styles/medium/private/images/2022-02/cookingandprep5206.jpg]
[www.epa.gov/system/files/styles/small/private/images/2022-02/divertfromlandfills2e16b.jpg]
[www.epa.gov/system/files/styles/small/private/images/2022-02/minuspurple0f4e.jpg]
[www.usda.gov/sites/default/files/usda-easy-steps-prevent-food-waste-infographic.png]
[www.epa.gov/core/assets/vendor/jquery/jquery.min45e0.js]
[www.epa.gov/core/misc/polyfills/element.matches7d91.js]
[www.epa.gov/core/misc/polyfills/object.assign7d91.js]
[www.epa.gov/core/misc/polyfills/nodelist.foreach7d91.js]
[www.epa.gov/core/assets/vendor/css-escape/css.escapea474.js]
[www.epa.gov/core/assets/vendor/es6-promise/es6-promise.auto.mine753.js]
[www.epa.gov/core/assets/vendor/once/once.minf700.js]
[www.epa.gov/core/assets/vendor/jquery-once/jquery.once.min62cf.js]
[www.epa.gov/core/misc/drupalSettingsLoader7d91.js]
[www.epa.gov/core/misc/drupal7d91.js]
[www.epa.gov/core/misc/drupal.init7d91.js]
[www.epa.gov/core/assets/vendor/picturefill/picturefill.min4c20.js]
[www.epa.gov/core/assets/vendor/tabbable/index.umd.minbcdc.js]
[www.epa.gov/modules/custom/epa_wysiwyg/js/plugins/epaNew/epaNew3cb8.js]
[www.epa.gov/themes/epa_theme/js/dist/common.min4471.js]
[www.epa.gov/themes/epa_theme/js/dist/scripts.min4471.js]
[www.epa.gov/themes/epa_theme/js/dist/sitewide-alert.min4471.js]
[www.epa.gov/themes/epa_theme/js/dist/definition.min4471.js]
[www.epa.gov/themes/epa_theme/js/dist/external-links.min4471.js]
[www.epa.gov/themes/epa_theme/js/dist/protected-links.min4471.js]
[www.epa.gov/themes/epa_theme/js/dist/media-link.min4471.js]
[www.epa.gov/core/misc/jquery.once.bc7d91.js]
[www.epa.gov/core/assets/vendor/jquery-form/jquery.form.mine0a5.js]
[www.epa.gov/core/misc/progress7d91.js]
[www.epa.gov/core/assets/vendor/loadjs/loadjs.min78ce.js]
[www.epa.gov/core/modules/responsive_image/js/responsive_image.ajax7d91.js]
[www.epa.gov/core/misc/ajax7d91.js]
[www.epa.gov/core/themes/stable/js/ajax7d91.js]
[www.epa.gov/modules/contrib/views_ajax_get/views_ajax_get3cb8.js]
[www.epa.gov/recycle/preventing-wasted-food-home.html]
[www.epa.gov/modules/custom/epa_alerts/js/epaAlerts3cb8.js]
[www.epa.gov/core/themes/stable/images/core/throbber-active.gif]
[www.epa.gov/core/themes/stable/images/core/loading-small.gif]
[www.epa.gov/core/themes/stable/css/system/components/ajax-progress.module3cb8.css]
[www.epa.gov/core/themes/stable/images/core/throbber-inactive.png]
[www.epa.gov/core/themes/stable/css/system/components/autocomplete-loading.module3cb8.css]
[www.epa.gov/core/themes/stable/css/system/components/js.module3cb8.css]
[www.epa.gov/core/themes/stable/css/system/components/sticky-header.module3cb8.css]
[www.epa.gov/core/themes/stable/css/system/components/system-status-counter3cb8.css]
[www.epa.gov/core/themes/stable/css/system/components/system-status-report-counters3cb8.css]
[www.epa.gov/core/themes/stable/css/system/components/system-status-report-general-info3cb8.css]
[www.epa.gov/core/themes/stable/css/system/components/tabledrag.module3cb8.css]
[www.epa.gov/core/themes/stable/css/system/components/tablesort.module3cb8.css]
[www.epa.gov/core/themes/stable/images/core/tree.png]
[www.epa.gov/core/themes/stable/images/core/tree-bottom.png]
[www.epa.gov/core/themes/stable/css/system/components/tree-child.module3cb8.css]
[www.epa.gov/core/themes/stable/css/filter/filter.caption3cb8.css]
[www.epa.gov/core/themes/stable/css/media/filter.caption3cb8.css]
[www.epa.gov/modules/contrib/paragraphs/css/paragraphs.unpublished3cb8.css]
[www.epa.gov/themes/epa_theme/fonts/noto-sans-arabic/static/NotoSansArabic/NotoSansArabic-Regular.ttf]
[www.epa.gov/themes/epa_theme/fonts/noto-sans-arabic/static/NotoSansArabic/NotoSansArabic-Bold.ttf]
[www.epa.gov/themes/epa_theme/fonts/noto-sans-arabic3cb8.css]
[www.epa.gov/themes/epa_theme/fonts/noto-sans-kr/homepage-NotoSansKR-Regular.woff2]
[www.epa.gov/themes/epa_theme/fonts/noto-sans-kr3cb8.css]
[www.epa.gov/themes/epa_theme/fonts/noto-sans-kr/NotoSansKR-Regular.woff2]
[www.epa.gov/themes/epa_theme/fonts/noto-sans-bn/homepage-NotoSansBengali-Regular.woff2]
[www.epa.gov/themes/epa_theme/fonts/noto-sans-bn3cb8.css]
[www.epa.gov/themes/epa_theme/fonts/noto-sans-bn/NotoSansBengali-Regular.woff2]
[www.epa.gov/themes/epa_theme/fonts/noto-sans-gu/homepage-NotoSansGujarati-Regular.woff2]
[www.epa.gov/themes/epa_theme/fonts/noto-sans-gu/NotoSansGujarati-Regular.woff2]
[www.epa.gov/themes/epa_theme/fonts/noto-sans-gu3cb8.css]
[www.epa.gov/themes/epa_theme/fonts/noto-sans-sc/homepage-NotoSansSC-Regular.woff2]
[www.epa.gov/themes/epa_theme/fonts/noto-sans-sc/NotoSansSC-Regular.woff2]
[www.epa.gov/themes/epa_theme/fonts/noto-sans-sc3cb8.css]
[www.epa.gov/themes/epa_theme/fonts/noto-sans-tc/NotoSansTC-Regular.woff2]
[www.epa.gov/themes/epa_theme/fonts/noto-sans-tc3cb8.css]
[www.epa.gov/themes/epa_theme/images/hero.png]
[www.epa.gov/themes/epa_theme/images/report-a-violation.png]
[www.epa.gov/themes/epa_theme/css/styles3cb8.css]
[www.epa.gov/themes/epa_theme/css-lib/colorbox/controls.png]
[www.epa.gov/themes/epa_theme/css-lib/colorbox/loading.gif]
[www.epa.gov/themes/epa_theme/css-lib/colorbox.min3cb8.css]
[www.googletagmanager.com/gtm5445.html]
[www.epa.gov/modules/contrib/webform/css/webform.form3cb8.css]
[www.epa.gov/modules/contrib/webform/css/webform.element.message3cb8.css]
[www.epa.gov/core/misc/debounce7d91.js]
[www.epa.gov/core/misc/form7d91.js]
[www.epa.gov/modules/contrib/webform/js/webform.behaviors7d91.js]
[www.epa.gov/core/misc/states7d91.js]
[www.epa.gov/modules/contrib/webform/js/webform.states7d91.js]
[www.epa.gov/modules/contrib/webform/js/webform.form7d91.js]
[www.epa.gov/modules/contrib/webform/js/webform.element.details.save7d91.js]
[www.epa.gov/core/misc/announce7d91.js]
[www.epa.gov/modules/contrib/webform/js/webform.element.details.toggle7d91.js]
[www.epa.gov/recycle/forms/contact-us-about-reduce-reuse-recycle.html]
[www.epa.gov/modules/contrib/webform/js/webform.element.message7d91.js]
[www.epa.gov/system/files/styles/small/private/images/2022-07/2021-06-03_SMF_Compost-26334.jpg]
[www.epa.gov/system/files/styles/small/private/images/2022-07/2022-6-25_Compost-7f4bd.jpg]
[www.epa.gov/recycle/composting-home.html]
[www.epa.gov/modules/contrib/webform/css/webform.form3cb8.css]
[www.epa.gov/modules/contrib/webform/css/webform.element.details.toggle3cb8.css]
[www.epa.gov/modules/contrib/webform/css/webform.element.message3cb8.css]
[www.epa.gov/sites/default/files/2018-11/astm_resin_codes.jpg]
[www.epa.gov/sites/default/files/2017-11/10-in-the-bin-poster_2.jpg]
[www.epa.gov/sites/default/files/styles/small/public/2017-11/10-in-the-bin-poster_2e063.jpg]
[www.epa.gov/recycle/how-do-i-recycle-common-recyclables.html]
[www.epa.gov/system/files/styles/small/private/images/2022-07/(Photo)_Flickr_ElectronicsChallenge_e-waste_2246e.jpg]
[www.epa.gov/sites/all/libraries/js/datatables/media/css/jquery.dataTables.min.css]
[www.epa.gov/recycle/electronics-donation-and-recycling.html]
[www.epa.gov/modules/contrib/entity_embed/css/entity_embed.filter.caption3cb8.css]
[www.epa.gov/recycle/frequent-questions-recycling.html]
[www.epa.gov/sites/all/libraries/js/datatables/media/js/jquery.dataTables.min.js]
[www.epa.gov/sites/default/files/styles/thumbnail/public/2021-03/dotplacard738f.png]
[www.epa.gov/sites/default/files/2020-05/alkaline-zinc-carbon.jpg]
[www.epa.gov/sites/default/files/styles/small/public/2020-05/alkaline-zinc-carbonbe72.jpg]
[www.epa.gov/sites/default/files/2020-05/button-cell.jpg]
[www.epa.gov/sites/default/files/styles/small/public/2020-05/button-cell4b3d.jpg]
[www.epa.gov/sites/default/files/2020-05/lithium.jpg]
[www.epa.gov/sites/default/files/styles/small/public/2020-05/lithiumdda5.jpg]
[www.epa.gov/sites/default/files/2020-09/dsc_3055-removebg-preview.png]
[www.epa.gov/sites/default/files/styles/small/public/2020-09/dsc_3055-removebg-preview63cb.png]
[www.epa.gov/sites/default/files/2020-05/ni-zn.jpg]
[www.epa.gov/sites/default/files/styles/small/public/2020-05/ni-znb2c6.jpg]
[www.epa.gov/sites/default/files/2020-09/dsc_3118-removebg-preview.jpg]
[www.epa.gov/sites/default/files/styles/small/public/2020-09/dsc_3118-removebg-preview60c9.jpg]
[www.epa.gov/recycle/used-household-batteries.html]
[www.epa.gov/sites/all/libraries/colorbox/colorbox/jquery.colorbox-min.js]
[www.epa.gov/sites/default/files/styles/medium/public/2021-03/un348093ee.png]
[www.epa.gov/sites/default/files/2021-03/lifecycleimagebatteries.png]
[www.epa.gov/sites/default/files/styles/medium/public/2021-03/lifecycleimagebatteries4fb3.png]
[www.epa.gov/sites/default/files/2020-05/rechargeable-li-ion.jpg]
[www.epa.gov/sites/default/files/styles/small/public/2020-05/rechargeable-li-iond9c3.jpg]
[www.epa.gov/sites/default/files/styles/small/public/2020-09/check-the-box-bkgde11f.jpg]
[www.epa.gov/recycle/used-lithium-ion-batteries.html]
[www.epa.gov/recycle/managing-reusing-and-recycling-used-oil.html]
[www.epa.gov/sites/default/files/2015-06/smartphone_infographic_700.jpg]
[www.epa.gov/sites/default/files/styles/small/public/2015-06/smartphone_infographic_70063cf.jpg]
[www.epa.gov/recycle/secret-life-smart-phone.html]
[www.epa.gov/sites/all/libraries/js/datatables/media/images/sort_both.png]
[www.epa.gov/sites/all/libraries/js/datatables/media/images/sort_asc.png]
[www.epa.gov/sites/all/libraries/js/datatables/media/images/sort_desc.png]
[www.epa.gov/sites/all/libraries/js/datatables/media/images/sort_asc_disabled.png]
[www.epa.gov/sites/all/libraries/js/datatables/media/images/sort_desc_disabled.png]
[www.epa.gov/sites/all/libraries/js/datatables/media/css/jquery.dataTables.min.css]
[www.epa.gov/recycle/frequent-questions-lithium-ion-batteries.html]
[www.epa.gov/system/files/styles/small/private/images/2021-08/gettyimages-512805640v2f2f4.jpg]
[www.epa.gov/recycle/workshop-lithium-ion-batteries-waste-stream.html]
[www.epa.gov/sites/default/files/2021-06/firepicbellevuepd.png]
[www.epa.gov/system/files/styles/large/private/images/2021-07/facilities-and-fires-2020-data-updateb954.png]
[www.epa.gov/recycle/importance-sending-consumers-used-lithium-ion-batteries-electronic-recyclers-or-hazardous.html]
